// Jest Snapshot v1, https://goo.gl/fbAQLP

exports[`<Alert /> should render 1`] = `
.c2 {
  box-sizing: border-box;
  min-width: 0;
  color: #374151;
  margin: 0;
  font-size: 16px;
  line-height: normal;
}

.c0 {
  box-sizing: border-box;
  min-width: 0;
  color: #374151;
  background-color: #e5e7eb;
  display: -webkit-box;
  display: -webkit-flex;
  display: -ms-flexbox;
  display: flex;
  background-color: #e5e7eb;
  padding: 16px;
  border-radius: 5px;
  -webkit-align-items: center;
  -webkit-box-align: center;
  -ms-flex-align: center;
  align-items: center;
  -webkit-box-pack: justify;
  -webkit-justify-content: space-between;
  -ms-flex-pack: justify;
  justify-content: space-between;
  background-color: #e5e7eb;
}

.c3 {
  font-weight: bold;
  margin-right: 5px;
}

.c1 {
  box-sizing: border-box;
  min-width: 0;
  color: #374151;
  display: -webkit-box;
  display: -webkit-flex;
  display: -ms-flexbox;
  display: flex;
}

<div>
  <div
    aria-label="Test"
    aria-live="polite"
    class="sc-AxiKw c0"
    role="alert"
  >
    <div
      class="sc-AxiKw c1"
    >
      <p
        class="c2 c3"
      >
        Test
      </p>
    </div>
  </div>
</div>
`;
