// Jest Snapshot v1, https://goo.gl/fbAQLP

exports[`Checkbox shows checkbox when checked 1`] = `
.c0 {
  display: -webkit-box;
  display: -webkit-flex;
  display: -ms-flexbox;
  display: flex;
  -webkit-align-items: center;
  -webkit-box-align: center;
  -ms-flex-align: center;
  align-items: center;
  cursor: pointer;
  font-size: 14px;
}

.c2 {
  display: -webkit-box;
  display: -webkit-flex;
  display: -ms-flexbox;
  display: flex;
  -webkit-align-items: center;
  -webkit-box-align: center;
  -ms-flex-align: center;
  align-items: center;
  -webkit-box-pack: center;
  -webkit-justify-content: center;
  -ms-flex-pack: center;
  justify-content: center;
  border-style: solid;
  border-width: 1px;
  border-radius: 4px;
  width: 16px;
  height: 16px;
  bg: primary;
  margin-right: 8px;
  -webkit-transition: all 200ms ease;
  transition: all 200ms ease;
  border-color: #fff;
  background-image: url("data:image/svg+xml;charset=utf-8,%3Csvg viewBox='0 0 16 16' fill='%23fff' xmlns='http://www.w3.org/2000/svg'%3E%3Cpath d='M5.707 7.293a1 1 0 00-1.414 1.414l2 2a1 1 0 001.414 0l4-4a1 1 0 00-1.414-1.414L7 8.586 5.707 7.293z'/%3E%3C/svg%3E");
  background-color: #5850ec;
}

.c2:focus {
  border-color: #a4cafe;
  box-shadow: 0 0 0 3px rgba(118,169,250,.45);
  outline: 0;
}

.c1 {
  border: 0px;
  -webkit-clip: rect(0px,0px,0px,0px);
  clip: rect(0px,0px,0px,0px);
  height: 1px;
  width: 1px;
  padding: 0px;
  overflow: hidden;
  white-space: nowrap;
  position: absolute;
}

<div>
  <div
    class="sc-AxirZ c0"
  >
    <span
      data-reach-custom-checkbox-container=""
      data-state="checked"
    >
      <div
        class="c1"
      >
        <input
          aria-checked="true"
          checked=""
          data-reach-custom-checkbox-input=""
          type="checkbox"
        />
      </div>
      <div
        class="c2"
        tabindex="0"
      />
    </span>
  </div>
</div>
`;
