// Jest Snapshot v1, https://goo.gl/fbAQLP

exports[`<Combobox /> should render 1`] = `
.c0 {
  box-sizing: border-box;
  min-width: 0;
  -webkit-appearance: none;
  -moz-appearance: none;
  appearance: none;
  font-size: 16px;
  border-style: solid;
  border-color: #d2d6dc;
  padding-top: 8px;
  padding-bottom: 8px;
  padding-left: 12px;
  padding-right: 32px;
  border-width: 1px;
  border-radius: 4px;
  -webkit-transition: all 250ms ease 0s;
  transition: all 250ms ease 0s;
  outline: none;
  width: 100%;
}

.c1:focus {
  border-color: #a4cafe;
  box-shadow: 0 0 0 3px rgba(164,202,254,.45);
}

.c1:disabled,
.c1:disabled:focus,
.c1:disabled:hover,
.c1[aria-disabled=true],
.c1[aria-disabled=true]:focus,
.c1[aria-disabled=true]:hover {
  background-color: #EAEAEA;
  color: #8F8F8F;
  cursor: not-allowed;
}

<div>
  <label
    for="input-field"
  >
    Fruit
    <div
      data-reach-combobox=""
    >
      <input
        aria-autocomplete="both"
        aria-controls="listbox--1"
        aria-expanded="false"
        aria-haspopup="listbox"
        class="c0 c1"
        data-reach-combobox-input=""
        id="input-field"
        role="combobox"
        value="Hello"
      />
    </div>
  </label>
</div>
`;
