// Jest Snapshot v1, https://goo.gl/fbAQLP

exports[`Default Icons should render 1`] = `
<div>
  <svg
    color="currentColor"
    fill="currentColor"
    height="24"
    viewBox="0 0 256 256"
    width="24"
    xmlns="http://www.w3.org/2000/svg"
  >
    <rect
      fill="none"
      height="256"
      width="256"
    />
    <line
      stroke="currentColor"
      stroke-linecap="round"
      stroke-linejoin="round"
      stroke-width="16"
      x1="200"
      x2="56"
      y1="56"
      y2="200"
    />
    <line
      stroke="currentColor"
      stroke-linecap="round"
      stroke-linejoin="round"
      stroke-width="16"
      x1="200"
      x2="56"
      y1="200"
      y2="56"
    />
  </svg>
  <svg
    fill="none"
    height="7"
    viewBox="0 0 10 7"
    width="10"
    xmlns="http://www.w3.org/2000/svg"
  >
    <path
      d="M4.95174 6.54518L0.70874 2.30218L2.12374 0.888184L4.95174 3.71718L7.77974 0.888184L9.19474 2.30218L4.95174 6.54518Z"
      fill="black"
    />
  </svg>
</div>
`;
