// Jest Snapshot v1, https://goo.gl/fbAQLP

exports[`<Input /> should render 1`] = `
.c0 {
  box-sizing: border-box;
  min-width: 0;
  -webkit-appearance: none;
  -moz-appearance: none;
  appearance: none;
  font-size: 14px;
  background-color: #F5F5F5;
  border: solid 2px #F5F5F5;
  color: #000000;
  padding-top: 8px;
  padding-bottom: 8px;
  padding-left: 12px;
  padding-right: 32px;
  border-radius: 5px;
  -webkit-transition: all 250ms ease 0s;
  transition: all 250ms ease 0s;
  outline: none;
  width: 100%;
}

.c1:focus {
  border-color: #E0E0E0;
  background-color: #FFFFFF;
}

.c1:disabled,
.c1:disabled:focus,
.c1:disabled:hover,
.c1[aria-disabled=true],
.c1[aria-disabled=true]:focus,
.c1[aria-disabled=true]:hover {
  background-color: #E0E0E0;
  cursor: not-allowed;
}

.c1[aria-invalid=true] {
  border: solid 2px #F34335;
}

.c1::-webkit-input-placeholder {
  color: rgba(0,0,0,0.50);
}

.c1::-moz-placeholder {
  color: rgba(0,0,0,0.50);
}

.c1:-ms-input-placeholder {
  color: rgba(0,0,0,0.50);
}

.c1::placeholder {
  color: rgba(0,0,0,0.50);
}

<div>
  <label
    for="input-field"
  >
    Name
    <input
      class="c0 c1"
      id="input-field"
      value=""
    />
  </label>
</div>
`;
