// Jest Snapshot v1, https://goo.gl/fbAQLP

exports[`<Skeleton /> should render 1`] = `
.c0 {
  display: -webkit-box;
  display: -webkit-flex;
  display: -ms-flexbox;
  display: flex;
  -webkit-flex-direction: column;
  -ms-flex-direction: column;
  flex-direction: column;
}

.c0 > * + * {
  margin-top: 10px;
}

.c1 {
  height: 2rem;
  width: 100%;
  border-radius: 5px;
  display: inline-block;
  background: linear-gradient(-90deg,#f0f0f0 0%,#f8f8f8 50%,#f0f0f0 100%);
  background-size: 400% 400%;
  -webkit-animation: jtkAyK 1.2s ease-in-out infinite;
  animation: jtkAyK 1.2s ease-in-out infinite;
  line-height: 1;
}

.c1::before {
  content: '\\00a0';
}

<div>
  <div
    class="sc-AxirZ sc-AxhCb c0"
  >
    <div
      class="sc-AxirZ c1"
      data-testid="skeleton"
      height="2rem"
      width="100%"
    />
  </div>
</div>
`;
