// Jest Snapshot v1, https://goo.gl/fbAQLP

exports[`Tabs should change TabList background color 1`] = `
.c0 {
  box-sizing: border-box;
  min-width: 0;
  color: #374151;
  font-family: -apple-system,BlinkMacSystemFont,"Segoe UI",Roboto,"Helvetica Neue",Arial,"Noto Sans",sans-serif,"Apple Color Emoji","Segoe UI Emoji","Segoe UI Symbol","Noto Color Emoji";
}

.c1 {
  box-sizing: border-box;
  min-width: 0;
  color: #374151;
  font-family: -apple-system,BlinkMacSystemFont,"Segoe UI",Roboto,"Helvetica Neue",Arial,"Noto Sans",sans-serif,"Apple Color Emoji","Segoe UI Emoji","Segoe UI Symbol","Noto Color Emoji";
  background-color: #f5f6fa;
  -webkit-align-items: center;
  -webkit-box-align: center;
  -ms-flex-align: center;
  align-items: center;
  margin-bottom: 20px;
  display: -webkit-box;
  display: -webkit-flex;
  display: -ms-flexbox;
  display: flex;
  background-color: #f5f6fa;
  -webkit-align-items: center;
  -webkit-box-align: center;
  -ms-flex-align: center;
  align-items: center;
  margin-bottom: 20px;
}

.c2 {
  box-sizing: border-box;
  min-width: 0;
  color: #374151;
  font-family: -apple-system,BlinkMacSystemFont,"Segoe UI",Roboto,"Helvetica Neue",Arial,"Noto Sans",sans-serif,"Apple Color Emoji","Segoe UI Emoji","Segoe UI Symbol","Noto Color Emoji";
  display: -webkit-box;
  display: -webkit-flex;
  display: -ms-flexbox;
  display: flex;
  -webkit-align-items: center;
  -webkit-box-align: center;
  -ms-flex-align: center;
  align-items: center;
  -webkit-box-pack: justify;
  -webkit-justify-content: space-between;
  -ms-flex-pack: justify;
  justify-content: space-between;
  padding-top: 0.75rem;
  padding-bottom: 0.75rem;
  padding-left: 0.5rem;
  padding-right: 0.5rem;
  font-weight: 500;
  border-width: 2px;
  margin-bottom: -2px;
  border: 0;
  font-size: 16px;
  background-color: transparent;
  border-bottom: 2px solid transparent;
  margin-right: 15px;
}

.c2:focus {
  color: #1a56db;
  outline: 0;
  box-shadow: 0 0 0 3px rgba(118,169,250,.45);
  border-width: 2px;
}

.c2[aria-selected=true],
.c2[data-selected=true],
.c2[data-selected] {
  background-color: #e0e0e0;
  border-color: #e0e0e0;
  border-radius: 5px;
}

.c3 {
  box-sizing: border-box;
  min-width: 0;
  color: #374151;
  font-family: -apple-system,BlinkMacSystemFont,"Segoe UI",Roboto,"Helvetica Neue",Arial,"Noto Sans",sans-serif,"Apple Color Emoji","Segoe UI Emoji","Segoe UI Symbol","Noto Color Emoji";
  display: -webkit-box;
  display: -webkit-flex;
  display: -ms-flexbox;
  display: flex;
  -webkit-align-items: center;
  -webkit-box-align: center;
  -ms-flex-align: center;
  align-items: center;
  -webkit-box-pack: justify;
  -webkit-justify-content: space-between;
  -ms-flex-pack: justify;
  justify-content: space-between;
  padding-top: 0.75rem;
  padding-bottom: 0.75rem;
  padding-left: 0.5rem;
  padding-right: 0.5rem;
  font-weight: 500;
  border-width: 2px;
  margin-bottom: -2px;
  border: 0;
  font-size: 16px;
  background-color: transparent;
  border-bottom: 2px solid transparent;
}

.c3:focus {
  color: #1a56db;
  outline: 0;
  box-shadow: 0 0 0 3px rgba(118,169,250,.45);
  border-width: 2px;
}

.c3[aria-selected=true],
.c3[data-selected=true],
.c3[data-selected] {
  background-color: #e0e0e0;
  border-color: #e0e0e0;
  border-radius: 5px;
}

<div>
  <div
    class="c0"
    data-orientation="horizontal"
    data-reach-tabs=""
  >
    <div
      aria-orientation="horizontal"
      class="c1"
      data-reach-tab-list=""
      data-testid="tab-list"
      role="tablist"
    >
      <button
        aria-controls="tabs--1--panel--0"
        aria-selected="true"
        class="c2"
        data-orientation="horizontal"
        data-reach-tab=""
        data-selected=""
        data-testid="active-tab"
        id="tabs--1--tab--0"
        role="tab"
        tabindex="0"
      >
        My Account
      </button>
      <button
        aria-controls="tabs--1--panel--1"
        aria-selected="false"
        class="c2"
        data-orientation="horizontal"
        data-reach-tab=""
        id="tabs--1--tab--1"
        role="tab"
        tabindex="-1"
      >
        Favorites
      </button>
      <button
        aria-controls="tabs--1--panel--2"
        aria-selected="false"
        class="c2"
        data-orientation="horizontal"
        data-reach-tab=""
        id="tabs--1--tab--2"
        role="tab"
        tabindex="-1"
      >
        Orders
      </button>
      <button
        aria-controls="tabs--1--panel--3"
        aria-selected="false"
        class="c3"
        data-orientation="horizontal"
        data-reach-tab=""
        id="tabs--1--tab--3"
        role="tab"
        tabindex="-1"
      >
        Billing
      </button>
    </div>
    <div
      class="c0"
      data-reach-tab-panels=""
    >
      <div
        aria-labelledby="tabs--1--tab--0"
        class="c0"
        data-reach-tab-panel=""
        id="tabs--1--panel--0"
        role="tabpanel"
        tabindex="0"
      >
        <p>
          My Account!
        </p>
      </div>
      <div
        aria-labelledby="tabs--1--tab--1"
        class="c0"
        data-reach-tab-panel=""
        hidden=""
        id="tabs--1--panel--1"
        role="tabpanel"
        tabindex="-1"
      >
        <p>
          Favorites!
        </p>
      </div>
      <div
        aria-labelledby="tabs--1--tab--2"
        class="c0"
        data-reach-tab-panel=""
        hidden=""
        id="tabs--1--panel--2"
        role="tabpanel"
        tabindex="-1"
      >
        <p>
          Orders!
        </p>
      </div>
      <div
        aria-labelledby="tabs--1--tab--3"
        class="c0"
        data-reach-tab-panel=""
        hidden=""
        id="tabs--1--panel--3"
        role="tabpanel"
        tabindex="-1"
      >
        <p>
          Billing!
        </p>
      </div>
    </div>
  </div>
</div>
`;
