// Jest Snapshot v1, https://goo.gl/fbAQLP

exports[`<Tag /> should render 1`] = `
.c0 {
  display: inline-block;
  background-color: #EDF2F7;
  border-radius: 5px;
  padding: 8px 10px;
}

.c1 {
  display: -webkit-box;
  display: -webkit-flex;
  display: -ms-flexbox;
  display: flex;
  -webkit-align-items: center;
  -webkit-box-align: center;
  -ms-flex-align: center;
  align-items: center;
}

<div>
  <div
    class="sc-AxirZ c0"
  >
    <div
      class="c1"
    >
      <p
        class=""
      >
        Test
      </p>
    </div>
  </div>
</div>
`;
