// Jest Snapshot v1, https://goo.gl/fbAQLP

exports[`<TagsInput /> should render 1`] = `
.c1 {
  box-sizing: border-box;
  min-width: 0;
}

.c3 {
  box-sizing: border-box;
  min-width: 0;
  -webkit-appearance: none;
  -moz-appearance: none;
  appearance: none;
  font-size: 16px;
  border-style: solid;
  border-color: #d2d6dc;
  padding-top: 8px;
  padding-bottom: 8px;
  padding-left: 12px;
  padding-right: 32px;
  border-width: 1px;
  border-radius: 4px;
  -webkit-transition: all 250ms ease 0s;
  transition: all 250ms ease 0s;
  outline: none;
  width: 100%;
}

.c4:focus {
  border-color: #a4cafe;
  box-shadow: 0 0 0 3px rgba(164,202,254,.45);
}

.c4:disabled,
.c4:disabled:focus,
.c4:disabled:hover,
.c4[aria-disabled=true],
.c4[aria-disabled=true]:focus,
.c4[aria-disabled=true]:hover {
  background-color: #EAEAEA;
  color: #8F8F8F;
  cursor: not-allowed;
}

.c0 {
  background: white;
  box-sizing: border-box;
  border: 1px solid #d2d6dc;
  padding: 3px 12px 3px 12px;
  border-width: 1px;
  border-radius: 4px;
  -webkit-transition: all 250ms ease 0s;
  transition: all 250ms ease 0s;
  outline: none;
  width: 100%;
  display: -webkit-inline-box;
  display: -webkit-inline-flex;
  display: -ms-inline-flexbox;
  display: inline-flex;
  -webkit-flex-wrap: wrap;
  -ms-flex-wrap: wrap;
  flex-wrap: wrap;
  -webkit-flex: 1 1 0%;
  -ms-flex: 1 1 0%;
  flex: 1 1 0%;
}

.c0 li {
  margin: 0 2px;
}

.c5 {
  display: inline-block;
  width: 100%;
  border: none;
  padding: 0;
  padding-left: 10px;
  line-height: 44px;
  height: 100%;
  min-height: 44px;
}

.c5:focus {
  box-shadow: none;
}

.c2 {
  list-style-type: none;
  margin-right: 5px;
}

<div>
  <ul
    class="c0"
  >
    <li
      class="c1 c2"
    >
      <input
        class="c3 c4 c5"
        data-testid="input"
        value=""
      />
    </li>
  </ul>
</div>
`;
