// Jest Snapshot v1, https://goo.gl/fbAQLP

exports[`<TagsInput /> should render 1`] = `
.c2 {
  box-sizing: border-box;
  min-width: 0;
  font-size: 16px;
  border-style: solid;
  border-color: #d2d6dc;
  padding-top: 8px;
  padding-bottom: 8px;
  padding-left: 12px;
  padding-right: 32px;
  border-width: 1px;
  border-radius: 4px;
  -webkit-transition: all 250ms ease 0s;
  transition: all 250ms ease 0s;
  outline: none;
  width: 100%;
}

.c0 {
  background: white;
  box-sizing: border-box;
  border: 1px solid #d2d6dc;
  padding: 3px 32px 3px 12px;
  border-width: 1px;
  border-radius: 4px;
  -webkit-transition: all 250ms ease 0s;
  transition: all 250ms ease 0s;
  outline: none;
  width: 100%;
  display: -webkit-inline-box;
  display: -webkit-inline-flex;
  display: -ms-inline-flexbox;
  display: inline-flex;
  -webkit-flex-wrap: wrap;
  -ms-flex-wrap: wrap;
  flex-wrap: wrap;
  -webkit-flex: 1 1 0%;
  -ms-flex: 1 1 0%;
  flex: 1 1 0%;
}

.c0 li {
  margin: 0 2px;
}

.c3 {
  display: inline-block;
  width: 100%;
  border: none;
  padding-left: 10px;
  padding-top: 10px;
  padding-bottom: 10px;
}

.c3:focus {
  box-shadow: none;
}

.c1 {
  box-sizing: border-box;
  min-width: 0;
  list-style-type: none;
  margin-right: 5px;
}

<div>
  <ul
    class="c0"
  >
    <li
      class="sc-AxjAm c1"
    >
      <input
        class="sc-AxjAm c2 c3"
        data-testid="input"
        value=""
      />
    </li>
  </ul>
</div>
`;
